// Jest Snapshot v1, https://goo.gl/fbAQLP

exports[`HomePage should call database.addAlert on submit 1`] = `
Array [
  Object {
    "category": "All categories",
    "city": "Phoenix",
    "days": Array [
      0,
      1,
      2,
      3,
      4,
      5,
      6,
    ],
    "email": "test@example.com",
    "hours": Array [
      3,
      7,
      11,
      15,
      19,
      23,
    ],
    "maxPrice": "",
    "minPrice": "",
    "picOnly": false,
    "searchTerm": "",
    "spamKeywords": "",
    "titleOnly": false,
  },
]
`;
